Component: ARM Compiler 5.06 update 4 (build 422) Tool: armlink [4d35d2]

==============================================================================

Section Cross References

    startup.o(RESET) refers to startup.o(STACK) for Stack_Top
    startup.o(RESET) refers to entry.o(.ARM.Collect$$$$00000000) for __main
    retarget.o(.text) refers to serial.o(.text) for sendchar
    retarget.o(.text) refers to serial.o(.text) for sendchar
    serial.o(.text) refers to f2d.o(.text) for __aeabi_f2d
    serial.o(.text) refers to dmul.o(.text) for __aeabi_dmul
    serial.o(.text) refers to dadd.o(.text) for __aeabi_drsub
    serial.o(.text) refers to fmul.o(.text) for __aeabi_fmul
    serial.o(.text) refers to dfixi.o(.text) for __aeabi_d2iz
    serial.o(.text) refers to ffltui.o(.text) for __aeabi_ui2f
    serial.o(.text) refers to fdiv.o(.text) for __aeabi_fdiv
    serial.o(.text) refers to printfa.o(i.__0printf) for __2printf
    serial.o(.text) refers to serial.o(.data) for .data
    measure.o(.text) refers to printfa.o(i.__0printf) for __2printf
    measure.o(.text) refers to measure.o(.text) for save_current_measurements
    measure.o(.text) refers to measure.o(.data) for .data
    measure.o(.text) refers to measure.o(.bss) for .bss
    measure.o(.text) refers to _scanf_int.o(.text) for _scanf_int
    measure.o(.text) refers to serial.o(.text) for init_serial
    measure.o(.text) refers to printfa.o(i.__0printf) for __2printf
    measure.o(.text) refers to getline.o(.text) for getline
    measure.o(.text) refers to toupper.o(.text) for toupper
    measure.o(.text) refers to strlen.o(.text) for strlen
    measure.o(.text) refers to ffltui.o(.text) for __aeabi_ui2f
    measure.o(.text) refers to mcommand.o(.text) for measure_display
    measure.o(.text) refers to __0sscanf.o(.text) for __0sscanf
    measure.o(.text) refers to measure.o(.text) for tc0
    measure.o(.text) refers to measure.o(.data) for .data
    measure.o(.text) refers to measure.o(.constdata) for .constdata
    measure.o(.text) refers to measure.o(.bss) for .bss
    mcommand.o(.text) refers to _scanf_int.o(.text) for _scanf_int
    mcommand.o(.text) refers to printfa.o(i.__0printf) for __2printf
    mcommand.o(.text) refers to dfltui.o(.text) for __aeabi_ui2d
    mcommand.o(.text) refers to dmul.o(.text) for __aeabi_dmul
    mcommand.o(.text) refers to dscalb.o(.text) for __ARM_scalbn
    mcommand.o(.text) refers to __0sscanf.o(.text) for __0sscanf
    mcommand.o(.text) refers to measure.o(.bss) for current
    mcommand.o(.text) refers to measure.o(.data) for interval
    getline.o(.text) refers to serial.o(.text) for getkey
    getline.o(.text) refers to putc.o(i.putc) for putc
    getline.o(.text) refers to retarget.o(.data) for __stdout
    entry.o(.ARM.Collect$$$$00000000) refers (Special) to entry10a.o(.ARM.Collect$$$$0000000D) for __rt_final_cpp
    entry.o(.ARM.Collect$$$$00000000) refers (Special) to entry11a.o(.ARM.Collect$$$$0000000F) for __rt_final_exit
    entry.o(.ARM.Collect$$$$00000000) refers (Special) to entry7b.o(.ARM.Collect$$$$00000008) for _main_clock
    entry.o(.ARM.Collect$$$$00000000) refers (Special) to entry8b.o(.ARM.Collect$$$$0000000A) for _main_cpp_init
    entry.o(.ARM.Collect$$$$00000000) refers (Special) to entry9a.o(.ARM.Collect$$$$0000000B) for _main_init
    entry.o(.ARM.Collect$$$$00000000) refers (Special) to entry5.o(.ARM.Collect$$$$00000004) for _main_scatterload
    entry.o(.ARM.Collect$$$$00000000) refers (Special) to entry2.o(.ARM.Collect$$$$00000001) for _main_stk
    putc.o(i.putc) refers to retarget.o(.text) for fputc
    printfb.o(i.__0fprintf$bare) refers to printfb.o(i._printf_core) for _printf_core
    printfb.o(i.__0fprintf$bare) refers to retarget.o(.text) for fputc
    printfb.o(i.__0printf$bare) refers to printfb.o(i._printf_core) for _printf_core
    printfb.o(i.__0printf$bare) refers to retarget.o(.text) for fputc
    printfb.o(i.__0printf$bare) refers to retarget.o(.data) for __stdout
    printfb.o(i.__0snprintf$bare) refers to printfb.o(i._printf_core) for _printf_core
    printfb.o(i.__0snprintf$bare) refers to printfb.o(i._snputc) for _snputc
    printfb.o(i.__0sprintf$bare) refers to printfb.o(i._printf_core) for _printf_core
    printfb.o(i.__0sprintf$bare) refers to printfb.o(i._sputc) for _sputc
    printfb.o(i.__0vfprintf$bare) refers to printfb.o(i._printf_core) for _printf_core
    printfb.o(i.__0vfprintf$bare) refers to retarget.o(.text) for fputc
    printfb.o(i.__0vprintf$bare) refers to printfb.o(i._printf_core) for _printf_core
    printfb.o(i.__0vprintf$bare) refers to retarget.o(.text) for fputc
    printfb.o(i.__0vprintf$bare) refers to retarget.o(.data) for __stdout
    printfb.o(i.__0vsnprintf$bare) refers to printfb.o(i._printf_core) for _printf_core
    printfb.o(i.__0vsnprintf$bare) refers to printfb.o(i._snputc) for _snputc
    printfb.o(i.__0vsprintf$bare) refers to printfb.o(i._printf_core) for _printf_core
    printfb.o(i.__0vsprintf$bare) refers to printfb.o(i._sputc) for _sputc
    printfb.o(i._printf_core) refers to printfb.o(i.__ARM_common_call_via_r6) for __ARM_common_call_via_r6
    printf0.o(i.__0fprintf$0) refers to printf0.o(i._printf_core) for _printf_core
    printf0.o(i.__0fprintf$0) refers to retarget.o(.text) for fputc
    printf0.o(i.__0printf$0) refers to printf0.o(i._printf_core) for _printf_core
    printf0.o(i.__0printf$0) refers to retarget.o(.text) for fputc
    printf0.o(i.__0printf$0) refers to retarget.o(.data) for __stdout
    printf0.o(i.__0snprintf$0) refers to printf0.o(i._printf_core) for _printf_core
    printf0.o(i.__0snprintf$0) refers to printf0.o(i._snputc) for _snputc
    printf0.o(i.__0sprintf$0) refers to printf0.o(i._printf_core) for _printf_core
    printf0.o(i.__0sprintf$0) refers to printf0.o(i._sputc) for _sputc
    printf0.o(i.__0vfprintf$0) refers to printf0.o(i._printf_core) for _printf_core
    printf0.o(i.__0vfprintf$0) refers to retarget.o(.text) for fputc
    printf0.o(i.__0vprintf$0) refers to printf0.o(i._printf_core) for _printf_core
    printf0.o(i.__0vprintf$0) refers to retarget.o(.text) for fputc
    printf0.o(i.__0vprintf$0) refers to retarget.o(.data) for __stdout
    printf0.o(i.__0vsnprintf$0) refers to printf0.o(i._printf_core) for _printf_core
    printf0.o(i.__0vsnprintf$0) refers to printf0.o(i._snputc) for _snputc
    printf0.o(i.__0vsprintf$0) refers to printf0.o(i._printf_core) for _printf_core
    printf0.o(i.__0vsprintf$0) refers to printf0.o(i._sputc) for _sputc
    printf0.o(i._printf_core) refers to printfb.o(i.__ARM_common_call_via_r6) for __ARM_common_call_via_r6
    printf1.o(i.__0fprintf$1) refers to printf1.o(i._printf_core) for _printf_core
    printf1.o(i.__0fprintf$1) refers to retarget.o(.text) for fputc
    printf1.o(i.__0printf$1) refers to printf1.o(i._printf_core) for _printf_core
    printf1.o(i.__0printf$1) refers to retarget.o(.text) for fputc
    printf1.o(i.__0printf$1) refers to retarget.o(.data) for __stdout
    printf1.o(i.__0snprintf$1) refers to printf1.o(i._printf_core) for _printf_core
    printf1.o(i.__0snprintf$1) refers to printf1.o(i._snputc) for _snputc
    printf1.o(i.__0sprintf$1) refers to printf1.o(i._printf_core) for _printf_core
    printf1.o(i.__0sprintf$1) refers to printf1.o(i._sputc) for _sputc
    printf1.o(i.__0vfprintf$1) refers to printf1.o(i._printf_core) for _printf_core
    printf1.o(i.__0vfprintf$1) refers to retarget.o(.text) for fputc
    printf1.o(i.__0vprintf$1) refers to printf1.o(i._printf_core) for _printf_core
    printf1.o(i.__0vprintf$1) refers to retarget.o(.text) for fputc
    printf1.o(i.__0vprintf$1) refers to retarget.o(.data) for __stdout
    printf1.o(i.__0vsnprintf$1) refers to printf1.o(i._printf_core) for _printf_core
    printf1.o(i.__0vsnprintf$1) refers to printf1.o(i._snputc) for _snputc
    printf1.o(i.__0vsprintf$1) refers to printf1.o(i._printf_core) for _printf_core
    printf1.o(i.__0vsprintf$1) refers to printf1.o(i._sputc) for _sputc
    printf1.o(i._printf_core) refers to printf1.o(i.__ARM_common_call_via_r2) for __ARM_common_call_via_r2
    printf1.o(i._printf_core) refers to uidiv.o(.text) for __aeabi_uidivmod
    printf2.o(i.__0fprintf$2) refers to printf2.o(i._printf_core) for _printf_core
    printf2.o(i.__0fprintf$2) refers to retarget.o(.text) for fputc
    printf2.o(i.__0printf$2) refers to printf2.o(i._printf_core) for _printf_core
    printf2.o(i.__0printf$2) refers to retarget.o(.text) for fputc
    printf2.o(i.__0printf$2) refers to retarget.o(.data) for __stdout
    printf2.o(i.__0snprintf$2) refers to printf2.o(i._printf_core) for _printf_core
    printf2.o(i.__0snprintf$2) refers to printf2.o(i._snputc) for _snputc
    printf2.o(i.__0sprintf$2) refers to printf2.o(i._printf_core) for _printf_core
    printf2.o(i.__0sprintf$2) refers to printf2.o(i._sputc) for _sputc
    printf2.o(i.__0vfprintf$2) refers to printf2.o(i._printf_core) for _printf_core
    printf2.o(i.__0vfprintf$2) refers to retarget.o(.text) for fputc
    printf2.o(i.__0vprintf$2) refers to printf2.o(i._printf_core) for _printf_core
    printf2.o(i.__0vprintf$2) refers to retarget.o(.text) for fputc
    printf2.o(i.__0vprintf$2) refers to retarget.o(.data) for __stdout
    printf2.o(i.__0vsnprintf$2) refers to printf2.o(i._printf_core) for _printf_core
    printf2.o(i.__0vsnprintf$2) refers to printf2.o(i._snputc) for _snputc
    printf2.o(i.__0vsprintf$2) refers to printf2.o(i._printf_core) for _printf_core
    printf2.o(i.__0vsprintf$2) refers to printf2.o(i._sputc) for _sputc
    printf2.o(i._printf_core) refers to printf1.o(i.__ARM_common_call_via_r2) for __ARM_common_call_via_r2
    printf3.o(i.__0fprintf$3) refers to printf3.o(i._printf_core) for _printf_core
    printf3.o(i.__0fprintf$3) refers to retarget.o(.text) for fputc
    printf3.o(i.__0printf$3) refers to printf3.o(i._printf_core) for _printf_core
    printf3.o(i.__0printf$3) refers to retarget.o(.text) for fputc
    printf3.o(i.__0printf$3) refers to retarget.o(.data) for __stdout
    printf3.o(i.__0snprintf$3) refers to printf3.o(i._printf_core) for _printf_core
    printf3.o(i.__0snprintf$3) refers to printf3.o(i._snputc) for _snputc
    printf3.o(i.__0sprintf$3) refers to printf3.o(i._printf_core) for _printf_core
    printf3.o(i.__0sprintf$3) refers to printf3.o(i._sputc) for _sputc
    printf3.o(i.__0vfprintf$3) refers to printf3.o(i._printf_core) for _printf_core
    printf3.o(i.__0vfprintf$3) refers to retarget.o(.text) for fputc
    printf3.o(i.__0vprintf$3) refers to printf3.o(i._printf_core) for _printf_core
    printf3.o(i.__0vprintf$3) refers to retarget.o(.text) for fputc
    printf3.o(i.__0vprintf$3) refers to retarget.o(.data) for __stdout
    printf3.o(i.__0vsnprintf$3) refers to printf3.o(i._printf_core) for _printf_core
    printf3.o(i.__0vsnprintf$3) refers to printf3.o(i._snputc) for _snputc
    printf3.o(i.__0vsprintf$3) refers to printf3.o(i._printf_core) for _printf_core
    printf3.o(i.__0vsprintf$3) refers to printf3.o(i._sputc) for _sputc
    printf3.o(i._printf_core) refers to printf1.o(i.__ARM_common_call_via_r2) for __ARM_common_call_via_r2
    printf3.o(i._printf_core) refers to uidiv.o(.text) for __aeabi_uidivmod
    printf4.o(i.__0fprintf$4) refers to printf4.o(i._printf_core) for _printf_core
    printf4.o(i.__0fprintf$4) refers to retarget.o(.text) for fputc
    printf4.o(i.__0printf$4) refers to printf4.o(i._printf_core) for _printf_core
    printf4.o(i.__0printf$4) refers to retarget.o(.text) for fputc
    printf4.o(i.__0printf$4) refers to retarget.o(.data) for __stdout
    printf4.o(i.__0snprintf$4) refers to printf4.o(i._printf_core) for _printf_core
    printf4.o(i.__0snprintf$4) refers to printf4.o(i._snputc) for _snputc
    printf4.o(i.__0sprintf$4) refers to printf4.o(i._printf_core) for _printf_core
    printf4.o(i.__0sprintf$4) refers to printf4.o(i._sputc) for _sputc
    printf4.o(i.__0vfprintf$4) refers to printf4.o(i._printf_core) for _printf_core
    printf4.o(i.__0vfprintf$4) refers to retarget.o(.text) for fputc
    printf4.o(i.__0vprintf$4) refers to printf4.o(i._printf_core) for _printf_core
    printf4.o(i.__0vprintf$4) refers to retarget.o(.text) for fputc
    printf4.o(i.__0vprintf$4) refers to retarget.o(.data) for __stdout
    printf4.o(i.__0vsnprintf$4) refers to printf4.o(i._printf_core) for _printf_core
    printf4.o(i.__0vsnprintf$4) refers to printf4.o(i._snputc) for _snputc
    printf4.o(i.__0vsprintf$4) refers to printf4.o(i._printf_core) for _printf_core
    printf4.o(i.__0vsprintf$4) refers to printf4.o(i._sputc) for _sputc
    printf4.o(i._printf_core) refers to printf1.o(i.__ARM_common_call_via_r2) for __ARM_common_call_via_r2
    printf4.o(i._printf_core) refers to uldiv.o(.text) for __aeabi_uldivmod
    printf5.o(i.__0fprintf$5) refers to printf5.o(i._printf_core) for _printf_core
    printf5.o(i.__0fprintf$5) refers to retarget.o(.text) for fputc
    printf5.o(i.__0printf$5) refers to printf5.o(i._printf_core) for _printf_core
    printf5.o(i.__0printf$5) refers to retarget.o(.text) for fputc
    printf5.o(i.__0printf$5) refers to retarget.o(.data) for __stdout
    printf5.o(i.__0snprintf$5) refers to printf5.o(i._printf_core) for _printf_core
    printf5.o(i.__0snprintf$5) refers to printf5.o(i._snputc) for _snputc
    printf5.o(i.__0sprintf$5) refers to printf5.o(i._printf_core) for _printf_core
    printf5.o(i.__0sprintf$5) refers to printf5.o(i._sputc) for _sputc
    printf5.o(i.__0vfprintf$5) refers to printf5.o(i._printf_core) for _printf_core
    printf5.o(i.__0vfprintf$5) refers to retarget.o(.text) for fputc
    printf5.o(i.__0vprintf$5) refers to printf5.o(i._printf_core) for _printf_core
    printf5.o(i.__0vprintf$5) refers to retarget.o(.text) for fputc
    printf5.o(i.__0vprintf$5) refers to retarget.o(.data) for __stdout
    printf5.o(i.__0vsnprintf$5) refers to printf5.o(i._printf_core) for _printf_core
    printf5.o(i.__0vsnprintf$5) refers to printf5.o(i._snputc) for _snputc
    printf5.o(i.__0vsprintf$5) refers to printf5.o(i._printf_core) for _printf_core
    printf5.o(i.__0vsprintf$5) refers to printf5.o(i._sputc) for _sputc
    printf5.o(i._printf_core) refers to printf1.o(i.__ARM_common_call_via_r2) for __ARM_common_call_via_r2
    printf5.o(i._printf_core) refers to uldiv.o(.text) for __aeabi_uldivmod
    printf6.o(i.__0fprintf$6) refers to printf6.o(i._printf_core) for _printf_core
    printf6.o(i.__0fprintf$6) refers to retarget.o(.text) for fputc
    printf6.o(i.__0printf$6) refers to printf6.o(i._printf_core) for _printf_core
    printf6.o(i.__0printf$6) refers to retarget.o(.text) for fputc
    printf6.o(i.__0printf$6) refers to retarget.o(.data) for __stdout
    printf6.o(i.__0snprintf$6) refers to printf6.o(i._printf_core) for _printf_core
    printf6.o(i.__0snprintf$6) refers to printf6.o(i._snputc) for _snputc
    printf6.o(i.__0sprintf$6) refers to printf6.o(i._printf_core) for _printf_core
    printf6.o(i.__0sprintf$6) refers to printf6.o(i._sputc) for _sputc
    printf6.o(i.__0vfprintf$6) refers to printf6.o(i._printf_core) for _printf_core
    printf6.o(i.__0vfprintf$6) refers to retarget.o(.text) for fputc
    printf6.o(i.__0vprintf$6) refers to printf6.o(i._printf_core) for _printf_core
    printf6.o(i.__0vprintf$6) refers to retarget.o(.text) for fputc
    printf6.o(i.__0vprintf$6) refers to retarget.o(.data) for __stdout
    printf6.o(i.__0vsnprintf$6) refers to printf6.o(i._printf_core) for _printf_core
    printf6.o(i.__0vsnprintf$6) refers to printf6.o(i._snputc) for _snputc
    printf6.o(i.__0vsprintf$6) refers to printf6.o(i._printf_core) for _printf_core
    printf6.o(i.__0vsprintf$6) refers to printf6.o(i._sputc) for _sputc
    printf6.o(i._printf_core) refers to printf1.o(i.__ARM_common_call_via_r2) for __ARM_common_call_via_r2
    printf6.o(i._printf_core) refers to printf6.o(i._printf_pre_padding) for _printf_pre_padding
    printf6.o(i._printf_core) refers to printf6.o(i._printf_post_padding) for _printf_post_padding
    printf6.o(i._printf_core) refers to uidiv.o(.text) for __aeabi_uidivmod
    printf6.o(i._printf_post_padding) refers to printfb.o(i.__ARM_common_call_via_r6) for __ARM_common_call_via_r6
    printf6.o(i._printf_pre_padding) refers to printfb.o(i.__ARM_common_call_via_r6) for __ARM_common_call_via_r6
    printf7.o(i.__0fprintf$7) refers to printf7.o(i._printf_core) for _printf_core
    printf7.o(i.__0fprintf$7) refers to retarget.o(.text) for fputc
    printf7.o(i.__0printf$7) refers to printf7.o(i._printf_core) for _printf_core
    printf7.o(i.__0printf$7) refers to retarget.o(.text) for fputc
    printf7.o(i.__0printf$7) refers to retarget.o(.data) for __stdout
    printf7.o(i.__0snprintf$7) refers to printf7.o(i._printf_core) for _printf_core
    printf7.o(i.__0snprintf$7) refers to printf7.o(i._snputc) for _snputc
    printf7.o(i.__0sprintf$7) refers to printf7.o(i._printf_core) for _printf_core
    printf7.o(i.__0sprintf$7) refers to printf7.o(i._sputc) for _sputc
    printf7.o(i.__0vfprintf$7) refers to printf7.o(i._printf_core) for _printf_core
    printf7.o(i.__0vfprintf$7) refers to retarget.o(.text) for fputc
    printf7.o(i.__0vprintf$7) refers to printf7.o(i._printf_core) for _printf_core
    printf7.o(i.__0vprintf$7) refers to retarget.o(.text) for fputc
    printf7.o(i.__0vprintf$7) refers to retarget.o(.data) for __stdout
    printf7.o(i.__0vsnprintf$7) refers to printf7.o(i._printf_core) for _printf_core
    printf7.o(i.__0vsnprintf$7) refers to printf7.o(i._snputc) for _snputc
    printf7.o(i.__0vsprintf$7) refers to printf7.o(i._printf_core) for _printf_core
    printf7.o(i.__0vsprintf$7) refers to printf7.o(i._sputc) for _sputc
    printf7.o(i._printf_core) refers to printf1.o(i.__ARM_common_call_via_r2) for __ARM_common_call_via_r2
    printf7.o(i._printf_core) refers to printf7.o(i._printf_pre_padding) for _printf_pre_padding
    printf7.o(i._printf_core) refers to printf7.o(i._printf_post_padding) for _printf_post_padding
    printf7.o(i._printf_core) refers to uldiv.o(.text) for __aeabi_uldivmod
    printf7.o(i._printf_post_padding) refers to printfb.o(i.__ARM_common_call_via_r6) for __ARM_common_call_via_r6
    printf7.o(i._printf_pre_padding) refers to printfb.o(i.__ARM_common_call_via_r6) for __ARM_common_call_via_r6
    printf8.o(i.__0fprintf$8) refers to printf8.o(i._printf_core) for _printf_core
    printf8.o(i.__0fprintf$8) refers to retarget.o(.text) for fputc
    printf8.o(i.__0printf$8) refers to printf8.o(i._printf_core) for _printf_core
    printf8.o(i.__0printf$8) refers to retarget.o(.text) for fputc
    printf8.o(i.__0printf$8) refers to retarget.o(.data) for __stdout
    printf8.o(i.__0snprintf$8) refers to printf8.o(i._printf_core) for _printf_core
    printf8.o(i.__0snprintf$8) refers to printf8.o(i._snputc) for _snputc
    printf8.o(i.__0sprintf$8) refers to printf8.o(i._printf_core) for _printf_core
    printf8.o(i.__0sprintf$8) refers to printf8.o(i._sputc) for _sputc
    printf8.o(i.__0vfprintf$8) refers to printf8.o(i._printf_core) for _printf_core
    printf8.o(i.__0vfprintf$8) refers to retarget.o(.text) for fputc
    printf8.o(i.__0vprintf$8) refers to printf8.o(i._printf_core) for _printf_core
    printf8.o(i.__0vprintf$8) refers to retarget.o(.text) for fputc
    printf8.o(i.__0vprintf$8) refers to retarget.o(.data) for __stdout
    printf8.o(i.__0vsnprintf$8) refers to printf8.o(i._printf_core) for _printf_core
    printf8.o(i.__0vsnprintf$8) refers to printf8.o(i._snputc) for _snputc
    printf8.o(i.__0vsprintf$8) refers to printf8.o(i._printf_core) for _printf_core
    printf8.o(i.__0vsprintf$8) refers to printf8.o(i._sputc) for _sputc
    printf8.o(i._printf_core) refers to printf1.o(i.__ARM_common_call_via_r2) for __ARM_common_call_via_r2
    printf8.o(i._printf_core) refers to printf8.o(i._printf_pre_padding) for _printf_pre_padding
    printf8.o(i._printf_core) refers to printf8.o(i._printf_post_padding) for _printf_post_padding
    printf8.o(i._printf_core) refers to uldiv.o(.text) for __aeabi_uldivmod
    printf8.o(i._printf_post_padding) refers to printfb.o(i.__ARM_common_call_via_r6) for __ARM_common_call_via_r6
    printf8.o(i._printf_pre_padding) refers to printfb.o(i.__ARM_common_call_via_r6) for __ARM_common_call_via_r6
    printfa.o(i.__0fprintf) refers (Special) to iusefp.o(.text) for __I$use$fp
    printfa.o(i.__0fprintf) refers to printfa.o(i._printf_core) for _printf_core
    printfa.o(i.__0fprintf) refers to retarget.o(.text) for fputc
    printfa.o(i.__0printf) refers (Special) to iusefp.o(.text) for __I$use$fp
    printfa.o(i.__0printf) refers to printfa.o(i._printf_core) for _printf_core
    printfa.o(i.__0printf) refers to retarget.o(.text) for fputc
    printfa.o(i.__0printf) refers to retarget.o(.data) for __stdout
    printfa.o(i.__0snprintf) refers (Special) to iusefp.o(.text) for __I$use$fp
    printfa.o(i.__0snprintf) refers to printfa.o(i._printf_core) for _printf_core
    printfa.o(i.__0snprintf) refers to printfa.o(i._snputc) for _snputc
    printfa.o(i.__0sprintf) refers (Special) to iusefp.o(.text) for __I$use$fp
    printfa.o(i.__0sprintf) refers to printfa.o(i._printf_core) for _printf_core
    printfa.o(i.__0sprintf) refers to printfa.o(i._sputc) for _sputc
    printfa.o(i.__0vfprintf) refers (Special) to iusefp.o(.text) for __I$use$fp
    printfa.o(i.__0vfprintf) refers to printfa.o(i._printf_core) for _printf_core
    printfa.o(i.__0vfprintf) refers to retarget.o(.text) for fputc
    printfa.o(i.__0vprintf) refers (Special) to iusefp.o(.text) for __I$use$fp
    printfa.o(i.__0vprintf) refers to printfa.o(i._printf_core) for _printf_core
    printfa.o(i.__0vprintf) refers to retarget.o(.text) for fputc
    printfa.o(i.__0vprintf) refers to retarget.o(.data) for __stdout
    printfa.o(i.__0vsnprintf) refers (Special) to iusefp.o(.text) for __I$use$fp
    printfa.o(i.__0vsnprintf) refers to printfa.o(i._printf_core) for _printf_core
    printfa.o(i.__0vsnprintf) refers to printfa.o(i._snputc) for _snputc
    printfa.o(i.__0vsprintf) refers (Special) to iusefp.o(.text) for __I$use$fp
    printfa.o(i.__0vsprintf) refers to printfa.o(i._printf_core) for _printf_core
    printfa.o(i.__0vsprintf) refers to printfa.o(i._sputc) for _sputc
    printfa.o(i._fp_digits) refers (Special) to iusefp.o(.text) for __I$use$fp
    printfa.o(i._fp_digits) refers to dmul.o(.text) for __aeabi_dmul
    printfa.o(i._fp_digits) refers to ddiv.o(.text) for __aeabi_ddiv
    printfa.o(i._fp_digits) refers to cdrcmple.o(.text) for __aeabi_cdrcmple
    printfa.o(i._fp_digits) refers to dadd.o(.text) for __aeabi_dadd
    printfa.o(i._fp_digits) refers to dfixul.o(.text) for __aeabi_d2ulz
    printfa.o(i._fp_digits) refers to uldiv.o(.text) for __aeabi_uldivmod
    printfa.o(i._printf_core) refers (Special) to iusefp.o(.text) for __I$use$fp
    printfa.o(i._printf_core) refers to printf1.o(i.__ARM_common_call_via_r2) for __ARM_common_call_via_r2
    printfa.o(i._printf_core) refers to printfa.o(i._printf_pre_padding) for _printf_pre_padding
    printfa.o(i._printf_core) refers to uldiv.o(.text) for __aeabi_uldivmod
    printfa.o(i._printf_core) refers to printfa.o(i._printf_post_padding) for _printf_post_padding
    printfa.o(i._printf_core) refers to printfa.o(i._fp_digits) for _fp_digits
    printfa.o(i._printf_core) refers to uidiv.o(.text) for __aeabi_uidivmod
    printfa.o(i._printf_post_padding) refers (Special) to iusefp.o(.text) for __I$use$fp
    printfa.o(i._printf_post_padding) refers to printfb.o(i.__ARM_common_call_via_r6) for __ARM_common_call_via_r6
    printfa.o(i._printf_pre_padding) refers (Special) to iusefp.o(.text) for __I$use$fp
    printfa.o(i._printf_pre_padding) refers to printfb.o(i.__ARM_common_call_via_r6) for __ARM_common_call_via_r6
    printfa.o(i._snputc) refers (Special) to iusefp.o(.text) for __I$use$fp
    printfa.o(i._sputc) refers (Special) to iusefp.o(.text) for __I$use$fp
    __0sscanf.o(.text) refers to scanf_char.o(.text) for __vfscanf_char
    __0sscanf.o(.text) refers to _sgetc.o(.text) for _sgetc
    _scanf_int.o(.text) refers to _scanf_int.o(i.__ARM_common_call_via_r1) for __ARM_common_call_via_r1
    _scanf_int.o(.text) refers to _chval.o(.text) for _chval
    fmul.o(.text) refers (Special) to iusefp.o(.text) for __I$use$fp
    fdiv.o(.text) refers (Special) to iusefp.o(.text) for __I$use$fp
    fdiv.o(.text) refers to fepilogue.o(.text) for _float_round
    dadd.o(.text) refers (Special) to iusefp.o(.text) for __I$use$fp
    dadd.o(.text) refers to llshl.o(.text) for __aeabi_llsl
    dadd.o(.text) refers to llsshr.o(.text) for __aeabi_lasr
    dadd.o(.text) refers to depilogue.o(.text) for _double_epilogue
    dmul.o(.text) refers (Special) to iusefp.o(.text) for __I$use$fp
    dmul.o(.text) refers to depilogue.o(.text) for _double_epilogue
    dscalb.o(.text) refers (Special) to iusefp.o(.text) for __I$use$fp
    ffltui.o(.text) refers (Special) to iusefp.o(.text) for __I$use$fp
    ffltui.o(.text) refers to fepilogue.o(.text) for _float_epilogue
    dfltui.o(.text) refers (Special) to iusefp.o(.text) for __I$use$fp
    dfltui.o(.text) refers to depilogue.o(.text) for _double_epilogue
    dfixi.o(.text) refers (Special) to iusefp.o(.text) for __I$use$fp
    dfixi.o(.text) refers to llushr.o(.text) for __aeabi_llsr
    f2d.o(.text) refers (Special) to iusefp.o(.text) for __I$use$fp
    entry2.o(.ARM.Collect$$$$00000001) refers to entry2.o(.ARM.Collect$$$$00002712) for __lit__00000000
    entry2.o(.ARM.Collect$$$$00002712) refers to startup.o(STACK) for __initial_sp
    entry5.o(.ARM.Collect$$$$00000004) refers to init.o(.text) for __scatterload
    entry9a.o(.ARM.Collect$$$$0000000B) refers to measure.o(.text) for main
    entry9b.o(.ARM.Collect$$$$0000000C) refers to measure.o(.text) for main
    uldiv.o(.text) refers to llushr.o(.text) for __aeabi_llsr
    uldiv.o(.text) refers to llshl.o(.text) for __aeabi_llsl
    scanf_char.o(.text) refers to _scanf.o(.text) for __vfscanf
    scanf_char.o(.text) refers to isspace_c.o(.text) for isspace
    depilogue.o(.text) refers to depilogue.o(i.__ARM_clz) for __ARM_clz
    depilogue.o(.text) refers to llshl.o(.text) for __aeabi_llsl
    depilogue.o(.text) refers to llushr.o(.text) for __aeabi_llsr
    ddiv.o(.text) refers to depilogue.o(.text) for _double_round
    dfixul.o(.text) refers to llushr.o(.text) for __aeabi_llsr
    dfixul.o(.text) refers to llshl.o(.text) for __aeabi_llsl
    init.o(.text) refers to init.o(i.__ARM_common_call_via_r3) for __ARM_common_call_via_r3
    init.o(.text) refers to entry5.o(.ARM.Collect$$$$00000004) for __main_after_scatterload
    isspace_c.o(.text) refers to ctype_c.o(.text) for __ctype_lookup
    _scanf.o(.text) refers to printf1.o(i.__ARM_common_call_via_r2) for __ARM_common_call_via_r2
    _scanf.o(.text) refers to _scanf_int.o(i.__ARM_common_call_via_r1) for __ARM_common_call_via_r1
    _scanf.o(.text) refers (Weak) to _scanf_int.o(.text) for _scanf_int
    ctype_c.o(.text) refers to ctype_c.o(.constdata) for .constdata


==============================================================================

Removing Unused input sections from the image.

    Removing startup.o(HEAP), (0 bytes).
    Removing retarget.o(.text), (6 bytes).
    Removing retarget.o(.text), (12 bytes).
    Removing retarget.o(.text), (2 bytes).
    Removing serial.o(.text), (48 bytes).
    Removing serial.o(.text), (40 bytes).
    Removing serial.o(.text), (24 bytes).
    Removing serial.o(.text), (2 bytes).
    Removing serial.o(.data), (1 bytes).
    Removing serial.o(.data), (1 bytes).
    Removing serial.o(.data), (1 bytes).
    Removing serial.o(.data), (1 bytes).
    Removing serial.o(.data), (1 bytes).

13 unused section(s) (total 139 bytes) removed from the image.

==============================================================================

Adding Veneers to the image

    Adding AT veneer (8 bytes, Inline) for call to '__scatterload' from entry5.o(.ARM.Collect$$$$00000004).
    Adding AT veneer (12 bytes, Long) for call to 'save_current_measurements' from measure.o(.text).
    Adding TA veneer (8 bytes, Short) for call to '__main_after_scatterload' from init.o(.text).
    Adding AT veneer (8 bytes, Inline) for call to '__2printf' from measure.o(.text).

4 Veneer(s) (total 36 bytes) added to the image.

==============================================================================

Image Symbol Table

    Local Symbols

    Symbol Name                              Value     Ov Type        Size  Object(Section)

    RESET                                    0x00000000   Section      264  startup.o(RESET)
    ../clib/microlib/ctype/ctype.c           0x00000000   Number         0  ctype_c.o ABSOLUTE
    ../clib/microlib/ctype/ctype.c           0x00000000   Number         0  isspace_c.o ABSOLUTE
    ../clib/microlib/ctype/toupper.c         0x00000000   Number         0  toupper.o ABSOLUTE
    ../clib/microlib/division.c              0x00000000   Number         0  uidiv.o ABSOLUTE
    ../clib/microlib/division.c              0x00000000   Number         0  uldiv.o ABSOLUTE
    ../clib/microlib/init/entry.s            0x00000000   Number         0  entry7a.o ABSOLUTE
    ../clib/microlib/init/entry.s            0x00000000   Number         0  entry5.o ABSOLUTE
    ../clib/microlib/init/entry.s            0x00000000   Number         0  entry2.o ABSOLUTE
    ../clib/microlib/init/entry.s            0x00000000   Number         0  entry.o ABSOLUTE
    ../clib/microlib/init/entry.s            0x00000000   Number         0  entry9b.o ABSOLUTE
    ../clib/microlib/init/entry.s            0x00000000   Number         0  entry11b.o ABSOLUTE
    ../clib/microlib/init/entry.s            0x00000000   Number         0  entry11a.o ABSOLUTE
    ../clib/microlib/init/entry.s            0x00000000   Number         0  entry10b.o ABSOLUTE
    ../clib/microlib/init/entry.s            0x00000000   Number         0  entry10a.o ABSOLUTE
    ../clib/microlib/init/entry.s            0x00000000   Number         0  entry9a.o ABSOLUTE
    ../clib/microlib/init/entry.s            0x00000000   Number         0  entry8b.o ABSOLUTE
    ../clib/microlib/init/entry.s            0x00000000   Number         0  entry8a.o ABSOLUTE
    ../clib/microlib/init/entry.s            0x00000000   Number         0  entry7b.o ABSOLUTE
    ../clib/microlib/longlong.c              0x00000000   Number         0  llshl.o ABSOLUTE
    ../clib/microlib/longlong.c              0x00000000   Number         0  llushr.o ABSOLUTE
    ../clib/microlib/longlong.c              0x00000000   Number         0  llsshr.o ABSOLUTE
    ../clib/microlib/printf/printf.c         0x00000000   Number         0  printf6.o ABSOLUTE
    ../clib/microlib/printf/printf.c         0x00000000   Number         0  printf5.o ABSOLUTE
    ../clib/microlib/printf/printf.c         0x00000000   Number         0  printf4.o ABSOLUTE
    ../clib/microlib/printf/printf.c         0x00000000   Number         0  printf3.o ABSOLUTE
    ../clib/microlib/printf/printf.c         0x00000000   Number         0  printf2.o ABSOLUTE
    ../clib/microlib/printf/printf.c         0x00000000   Number         0  printf1.o ABSOLUTE
    ../clib/microlib/printf/printf.c         0x00000000   Number         0  printf0.o ABSOLUTE
    ../clib/microlib/printf/printf.c         0x00000000   Number         0  printfb.o ABSOLUTE
    ../clib/microlib/printf/printf.c         0x00000000   Number         0  printf7.o ABSOLUTE
    ../clib/microlib/printf/printf.c         0x00000000   Number         0  printf8.o ABSOLUTE
    ../clib/microlib/printf/printf.c         0x00000000   Number         0  printfa.o ABSOLUTE
    ../clib/microlib/printf/stubs.s          0x00000000   Number         0  stubs.o ABSOLUTE
    ../clib/microlib/stdio/putc.c            0x00000000   Number         0  putc.o ABSOLUTE
    ../clib/microlib/string/strlen.c         0x00000000   Number         0  strlen.o ABSOLUTE
    ../clib/microlib/stubs.s                 0x00000000   Number         0  iusefp.o ABSOLUTE
    ../clib/microlib/stubs.s                 0x00000000   Number         0  useno.o ABSOLUTE
    ../clib/scanf.c                          0x00000000   Number         0  _scanf.o ABSOLUTE
    ../clib/scanf.c                          0x00000000   Number         0  _sgetc.o ABSOLUTE
    ../clib/scanf.c                          0x00000000   Number         0  scanf_char.o ABSOLUTE
    ../clib/scanf.c                          0x00000000   Number         0  _chval.o ABSOLUTE
    ../clib/scanf.c                          0x00000000   Number         0  _scanf_int.o ABSOLUTE
    ../clib/scanf.c                          0x00000000   Number         0  __0sscanf.o ABSOLUTE
    ../fplib/microlib/f2d.c                  0x00000000   Number         0  f2d.o ABSOLUTE
    ../fplib/microlib/fpadd.c                0x00000000   Number         0  dadd.o ABSOLUTE
    ../fplib/microlib/fpdiv.c                0x00000000   Number         0  fdiv.o ABSOLUTE
    ../fplib/microlib/fpdiv.c                0x00000000   Number         0  ddiv.o ABSOLUTE
    ../fplib/microlib/fpepilogue.c           0x00000000   Number         0  depilogue.o ABSOLUTE
    ../fplib/microlib/fpepilogue.c           0x00000000   Number         0  fepilogue.o ABSOLUTE
    ../fplib/microlib/fpfix.c                0x00000000   Number         0  dfixi.o ABSOLUTE
    ../fplib/microlib/fpfix.c                0x00000000   Number         0  dfixul.o ABSOLUTE
    ../fplib/microlib/fpflt.c                0x00000000   Number         0  ffltui.o ABSOLUTE
    ../fplib/microlib/fpflt.c                0x00000000   Number         0  dfltui.o ABSOLUTE
    ../fplib/microlib/fpmul.c                0x00000000   Number         0  dmul.o ABSOLUTE
    ../fplib/microlib/fpmul.c                0x00000000   Number         0  fmul.o ABSOLUTE
    ../fplib/microlib/fpscalb.c              0x00000000   Number         0  dscalb.o ABSOLUTE
    Getline.c                                0x00000000   Number         0  getline.o ABSOLUTE
    Mcommand.c                               0x00000000   Number         0  mcommand.o ABSOLUTE
    Measure.c                                0x00000000   Number         0  measure.o ABSOLUTE
    Retarget.c                               0x00000000   Number         0  retarget.o ABSOLUTE
    Serial.c                                 0x00000000   Number         0  serial.o ABSOLUTE
    Startup.s                                0x00000000   Number         0  startup.o ABSOLUTE
    cdrcmple.s                               0x00000000   Number         0  cdrcmple.o ABSOLUTE
    dc.s                                     0x00000000   Number         0  dc.o ABSOLUTE
    handlers.s                               0x00000000   Number         0  handlers.o ABSOLUTE
    init.s                                   0x00000000   Number         0  init.o ABSOLUTE
    Undef_Handler                            0x00000040   ARM Code       4  startup.o(RESET)
    SWI_Handler                              0x00000044   ARM Code       4  startup.o(RESET)
    PAbt_Handler                             0x00000048   ARM Code       4  startup.o(RESET)
    DAbt_Handler                             0x0000004c   ARM Code       4  startup.o(RESET)
    IRQ_Handler                              0x00000050   ARM Code       4  startup.o(RESET)
    FIQ_Handler                              0x00000054   ARM Code       4  startup.o(RESET)
    .ARM.Collect$$$$00000000                 0x00000108   Section        0  entry.o(.ARM.Collect$$$$00000000)
    .ARM.Collect$$$$00000001                 0x00000108   Section        4  entry2.o(.ARM.Collect$$$$00000001)
    .ARM.Collect$$$$00000004                 0x0000010c   Section        4  entry5.o(.ARM.Collect$$$$00000004)
    .ARM.Collect$$$$00000008                 0x00000110   Section        0  entry7b.o(.ARM.Collect$$$$00000008)
    .ARM.Collect$$$$0000000A                 0x00000110   Section        0  entry8b.o(.ARM.Collect$$$$0000000A)
    .ARM.Collect$$$$0000000B                 0x00000110   Section       12  entry9a.o(.ARM.Collect$$$$0000000B)
    .ARM.Collect$$$$0000000D                 0x0000011c   Section        0  entry10a.o(.ARM.Collect$$$$0000000D)
    .ARM.Collect$$$$0000000F                 0x0000011c   Section        0  entry11a.o(.ARM.Collect$$$$0000000F)
    .ARM.Collect$$$$00002712                 0x0000011c   Section        4  entry2.o(.ARM.Collect$$$$00002712)
    __lit__00000000                          0x0000011c   Data           4  entry2.o(.ARM.Collect$$$$00002712)
    .text                                    0x00000120   Section        0  retarget.o(.text)
    .text                                    0x0000012c   Section        0  serial.o(.text)
    .text                                    0x0000059c   Section        0  measure.o(.text)
    .text                                    0x0000076c   Section        0  measure.o(.text)
    save_current_measurements                0x000009ed   Thumb Code    58  measure.o(.text)
    read_index                               0x00000a29   Thumb Code    98  measure.o(.text)
    clear_records                            0x00000a8d   Thumb Code    28  measure.o(.text)
    .text                                    0x00000c14   Section        0  mcommand.o(.text)
    .text                                    0x00000df0   Section        0  getline.o(.text)
    .text                                    0x00000e60   Section        0  toupper.o(.text)
    .text                                    0x00000e6c   Section        0  strlen.o(.text)
    .text                                    0x00000e7c   Section        0  __0sscanf.o(.text)
    .text                                    0x00000eb8   Section        0  _scanf_int.o(.text)
    .text                                    0x00001014   Section        0  fmul.o(.text)
    .text                                    0x00001092   Section        0  fdiv.o(.text)
    .text                                    0x00001114   Section        0  dadd.o(.text)
    .text                                    0x0000127c   Section        0  dmul.o(.text)
    .text                                    0x00001350   Section        0  dscalb.o(.text)
    .text                                    0x0000137e   Section        0  ffltui.o(.text)
    .text                                    0x00001390   Section        0  dfltui.o(.text)
    .text                                    0x000013b0   Section        0  dfixi.o(.text)
    .text                                    0x000013fc   Section        0  f2d.o(.text)
    .text                                    0x00001424   Section        0  uidiv.o(.text)
    .text                                    0x00001452   Section        0  uldiv.o(.text)
    .text                                    0x000014ba   Section        0  llshl.o(.text)
    .text                                    0x000014dc   Section        0  llushr.o(.text)
    .text                                    0x00001500   Section        0  llsshr.o(.text)
    .text                                    0x00001528   Section        0  _chval.o(.text)
    .text                                    0x00001548   Section        0  scanf_char.o(.text)
    _scanf_char_input                        0x00001549   Thumb Code    12  scanf_char.o(.text)
    .text                                    0x00001578   Section        0  _sgetc.o(.text)
    .text                                    0x000015bc   Section        0  iusefp.o(.text)
    .text                                    0x000015bc   Section        0  fepilogue.o(.text)
    .text                                    0x0000163e   Section        0  depilogue.o(.text)
    .text                                    0x00001704   Section        0  ddiv.o(.text)
    .text                                    0x000017f8   Section        0  dfixul.o(.text)
    .text                                    0x0000183c   Section       40  cdrcmple.o(.text)
    .text                                    0x0000186c   Section       32  init.o(.text)
    .text                                    0x0000188c   Section        0  isspace_c.o(.text)
    .text                                    0x000018a0   Section        0  _scanf.o(.text)
    .text                                    0x00001c0c   Section        0  ctype_c.o(.text)
    Long ARM to Thumb Veneer to save_current_measurements 0x00001c30   ARM Code      12  anon$$obj.o(Veneer$$Code)
    i.__0printf                              0x00001c4c   Section        0  printfa.o(i.__0printf)
    i.__ARM_clz                              0x00001c6c   Section        0  depilogue.o(i.__ARM_clz)
    i.__ARM_common_call_via_r1               0x00001c9a   Section        0  _scanf_int.o(i.__ARM_common_call_via_r1)
    i.__ARM_common_call_via_r2               0x00001c9c   Section        0  printf1.o(i.__ARM_common_call_via_r2)
    i.__ARM_common_call_via_r3               0x00001c9e   Section        2  init.o(i.__ARM_common_call_via_r3)
    i.__ARM_common_call_via_r6               0x00001ca0   Section        0  printfb.o(i.__ARM_common_call_via_r6)
    i.__scatterload_copy                     0x00001ca4   Section       28  handlers.o(i.__scatterload_copy)
    i.__scatterload_null                     0x00001cc0   Section        4  handlers.o(i.__scatterload_null)
    i.__scatterload_zeroinit                 0x00001cc4   Section       24  handlers.o(i.__scatterload_zeroinit)
    i._fp_digits                             0x00001cdc   Section        0  printfa.o(i._fp_digits)
    _fp_digits                               0x00001cdd   Thumb Code   348  printfa.o(i._fp_digits)
    i._printf_core                           0x00001e54   Section        0  printfa.o(i._printf_core)
    _printf_core                             0x00001e55   Thumb Code  1790  printfa.o(i._printf_core)
    i._printf_post_padding                   0x00002564   Section        0  printfa.o(i._printf_post_padding)
    _printf_post_padding                     0x00002565   Thumb Code    38  printfa.o(i._printf_post_padding)
    i._printf_pre_padding                    0x0000258a   Section        0  printfa.o(i._printf_pre_padding)
    _printf_pre_padding                      0x0000258b   Thumb Code    50  printfa.o(i._printf_pre_padding)
    i.putc                                   0x000025bc   Section        0  putc.o(i.putc)
    .constdata                               0x000025c8   Section      915  measure.o(.constdata)
    .constdata                               0x0000295b   Section       64  ctype_c.o(.constdata)
    .data                                    0x40000000   Section        4  retarget.o(.data)
    .data                                    0x40000004   Section       28  serial.o(.data)
    .data                                    0x40000020   Section       44  measure.o(.data)
    .bss                                     0x4000004c   Section      112  measure.o(.bss)
    STACK                                    0x400000c0   Section     1160  startup.o(STACK)
    Stack_Top                                0x40000548   Data           0  startup.o(STACK)

    Global Symbols

    Symbol Name                              Value     Ov Type        Size  Object(Section)

    BuildAttributes$$THM_ISAv1$ARM_ISAv4$S$PE$A:L22$X:L11$S22$IEEE1$IW$USESV6$~STKCKD$USESV7$~SHL$OTIME$ROPI$EBA8$MICROLIB$REQ8$EABIv2 0x00000000   Number         0  anon$$obj.o ABSOLUTE
    __ARM_use_no_argv                        0x00000000   Number         0  measure.o ABSOLUTE
    __use_no_errno                           0x00000000   Number         0  useno.o ABSOLUTE
    __use_no_exception_handling              0x00000000   Number         0  useno.o ABSOLUTE
    __use_no_fp                              0x00000000   Number         0  useno.o ABSOLUTE
    __use_no_heap                            0x00000000   Number         0  useno.o ABSOLUTE
    __use_no_heap_region                     0x00000000   Number         0  useno.o ABSOLUTE
    __use_no_semihosting                     0x00000000   Number         0  useno.o ABSOLUTE
    __use_no_semihosting_swi                 0x00000000   Number         0  useno.o ABSOLUTE
    __use_no_signal_handling                 0x00000000   Number         0  useno.o ABSOLUTE
    _printf_a                                0x00000000   Number         0  stubs.o ABSOLUTE
    _printf_c                                0x00000000   Number         0  stubs.o ABSOLUTE
    _printf_charcount                        0x00000000   Number         0  stubs.o ABSOLUTE
    _printf_d                                0x00000000   Number         0  stubs.o ABSOLUTE
    _printf_e                                0x00000000   Number         0  stubs.o ABSOLUTE
    _printf_f                                0x00000000   Number         0  stubs.o ABSOLUTE
    _printf_flags                            0x00000000   Number         0  stubs.o ABSOLUTE
    _printf_fp_dec                           0x00000000   Number         0  stubs.o ABSOLUTE
    _printf_fp_hex                           0x00000000   Number         0  stubs.o ABSOLUTE
    _printf_g                                0x00000000   Number         0  stubs.o ABSOLUTE
    _printf_i                                0x00000000   Number         0  stubs.o ABSOLUTE
    _printf_int_dec                          0x00000000   Number         0  stubs.o ABSOLUTE
    _printf_l                                0x00000000   Number         0  stubs.o ABSOLUTE
    _printf_lc                               0x00000000   Number         0  stubs.o ABSOLUTE
    _printf_ll                               0x00000000   Number         0  stubs.o ABSOLUTE
    _printf_lld                              0x00000000   Number         0  stubs.o ABSOLUTE
    _printf_lli                              0x00000000   Number         0  stubs.o ABSOLUTE
    _printf_llo                              0x00000000   Number         0  stubs.o ABSOLUTE
    _printf_llu                              0x00000000   Number         0  stubs.o ABSOLUTE
    _printf_llx                              0x00000000   Number         0  stubs.o ABSOLUTE
    _printf_longlong_dec                     0x00000000   Number         0  stubs.o ABSOLUTE
    _printf_longlong_hex                     0x00000000   Number         0  stubs.o ABSOLUTE
    _printf_longlong_oct                     0x00000000   Number         0  stubs.o ABSOLUTE
    _printf_ls                               0x00000000   Number         0  stubs.o ABSOLUTE
    _printf_mbtowc                           0x00000000   Number         0  stubs.o ABSOLUTE
    _printf_n                                0x00000000   Number         0  stubs.o ABSOLUTE
    _printf_o                                0x00000000   Number         0  stubs.o ABSOLUTE
    _printf_p                                0x00000000   Number         0  stubs.o ABSOLUTE
    _printf_percent                          0x00000000   Number         0  stubs.o ABSOLUTE
    _printf_pre_padding                      0x00000000   Number         0  stubs.o ABSOLUTE
    _printf_return_value                     0x00000000   Number         0  stubs.o ABSOLUTE
    _printf_s                                0x00000000   Number         0  stubs.o ABSOLUTE
    _printf_sizespec                         0x00000000   Number         0  stubs.o ABSOLUTE
    _printf_str                              0x00000000   Number         0  stubs.o ABSOLUTE
    _printf_truncate_signed                  0x00000000   Number         0  stubs.o ABSOLUTE
    _printf_truncate_unsigned                0x00000000   Number         0  stubs.o ABSOLUTE
    _printf_u                                0x00000000   Number         0  stubs.o ABSOLUTE
    _printf_wc                               0x00000000   Number         0  stubs.o ABSOLUTE
    _printf_wctomb                           0x00000000   Number         0  stubs.o ABSOLUTE
    _printf_widthprec                        0x00000000   Number         0  stubs.o ABSOLUTE
    _printf_x                                0x00000000   Number         0  stubs.o ABSOLUTE
    __cpp_initialize__aeabi_                  - Undefined Weak Reference
    __cxa_finalize                            - Undefined Weak Reference
    __decompress                              - Undefined Weak Reference
    _clock_init                               - Undefined Weak Reference
    _microlib_exit                            - Undefined Weak Reference
    _scanf_longlong                           - Undefined Weak Reference
    _scanf_real                               - Undefined Weak Reference
    _scanf_string                             - Undefined Weak Reference
    Reset_Handler                            0x00000058   ARM Code       0  startup.o(RESET)
    __main                                   0x00000108   ARM Code       0  entry.o(.ARM.Collect$$$$00000000)
    _main_stk                                0x00000108   ARM Code       0  entry2.o(.ARM.Collect$$$$00000001)
    _main_scatterload                        0x0000010c   ARM Code       0  entry5.o(.ARM.Collect$$$$00000004)
    __main_after_scatterload                 0x00000110   ARM Code       0  entry5.o(.ARM.Collect$$$$00000004)
    _main_clock                              0x00000110   ARM Code       0  entry7b.o(.ARM.Collect$$$$00000008)
    _main_cpp_init                           0x00000110   ARM Code       0  entry8b.o(.ARM.Collect$$$$0000000A)
    _main_init                               0x00000110   ARM Code       0  entry9a.o(.ARM.Collect$$$$0000000B)
    __rt_final_cpp                           0x0000011c   ARM Code       0  entry10a.o(.ARM.Collect$$$$0000000D)
    __rt_final_exit                          0x0000011c   ARM Code       0  entry11a.o(.ARM.Collect$$$$0000000F)
    fputc                                    0x00000121   Thumb Code    12  retarget.o(.text)
    DelayNS                                  0x0000012d   Thumb Code    20  serial.o(.text)
    init_serial                              0x00000141   Thumb Code    74  serial.o(.text)
    AD7738_CS_INIT                           0x0000018b   Thumb Code    54  serial.o(.text)
    DAC8568_CS_INIT                          0x000001c1   Thumb Code    58  serial.o(.text)
    sendchar                                 0x000001fb   Thumb Code    30  serial.o(.text)
    getkey                                   0x00000219   Thumb Code    12  serial.o(.text)
    SPI0_SendDate                            0x00000225   Thumb Code    18  serial.o(.text)
    DAC8568_SET                              0x00000237   Thumb Code    98  serial.o(.text)
    AD7738_write                             0x00000299   Thumb Code    42  serial.o(.text)
    AD7738_read                              0x000002c3   Thumb Code    46  serial.o(.text)
    AD7738_read_channel_data                 0x000002f1   Thumb Code    70  serial.o(.text)
    AD7738_SET                               0x00000337   Thumb Code   130  serial.o(.text)
    init_PWM                                 0x000003b9   Thumb Code    50  serial.o(.text)
    DAC_SET_Chanel_Din                       0x000003eb   Thumb Code    68  serial.o(.text)
    DAC8568_INIT_SET                         0x0000042f   Thumb Code    68  serial.o(.text)
    Temperature_of_resistance_Parameter      0x00000473   Thumb Code    44  serial.o(.text)
    Hydrogen_Resistance_Parameter            0x0000049f   Thumb Code    44  serial.o(.text)
    TEST_SENSE                               0x000004cb   Thumb Code   210  serial.o(.text)
    DefISR                                   0x0000059c   ARM Code      20  measure.o(.text)
    tc0                                      0x000005b0   ARM Code     400  measure.o(.text)
    main                                     0x0000076d   Thumb Code   640  measure.o(.text)
    measure_display                          0x00000c15   Thumb Code    86  mcommand.o(.text)
    set_time                                 0x00000c6b   Thumb Code    94  mcommand.o(.text)
    set_interval                             0x00000cc9   Thumb Code   146  mcommand.o(.text)
    getline                                  0x00000df1   Thumb Code   108  getline.o(.text)
    toupper                                  0x00000e61   Thumb Code    12  toupper.o(.text)
    strlen                                   0x00000e6d   Thumb Code    14  strlen.o(.text)
    __0sscanf                                0x00000e7d   Thumb Code    50  __0sscanf.o(.text)
    _scanf_int                               0x00000eb9   Thumb Code   348  _scanf_int.o(.text)
    __aeabi_fmul                             0x00001015   Thumb Code   126  fmul.o(.text)
    __aeabi_fdiv                             0x00001093   Thumb Code   128  fdiv.o(.text)
    __aeabi_dadd                             0x00001115   Thumb Code   332  dadd.o(.text)
    __aeabi_dsub                             0x00001261   Thumb Code    12  dadd.o(.text)
    __aeabi_drsub                            0x0000126d   Thumb Code    12  dadd.o(.text)
    __aeabi_dmul                             0x0000127d   Thumb Code   206  dmul.o(.text)
    __ARM_scalbn                             0x00001351   Thumb Code    46  dscalb.o(.text)
    scalbn                                   0x00001351   Thumb Code     0  dscalb.o(.text)
    __aeabi_ui2f                             0x0000137f   Thumb Code    18  ffltui.o(.text)
    __aeabi_ui2d                             0x00001391   Thumb Code    26  dfltui.o(.text)
    __aeabi_d2iz                             0x000013b1   Thumb Code    66  dfixi.o(.text)
    __aeabi_f2d                              0x000013fd   Thumb Code    40  f2d.o(.text)
    __aeabi_uidiv                            0x00001425   Thumb Code     0  uidiv.o(.text)
    __aeabi_uidivmod                         0x00001425   Thumb Code    46  uidiv.o(.text)
    __aeabi_uldivmod                         0x00001453   Thumb Code   104  uldiv.o(.text)
    __aeabi_llsl                             0x000014bb   Thumb Code    34  llshl.o(.text)
    _ll_shift_l                              0x000014bb   Thumb Code     0  llshl.o(.text)
    __aeabi_llsr                             0x000014dd   Thumb Code    36  llushr.o(.text)
    _ll_ushift_r                             0x000014dd   Thumb Code     0  llushr.o(.text)
    __aeabi_lasr                             0x00001501   Thumb Code    40  llsshr.o(.text)
    _ll_sshift_r                             0x00001501   Thumb Code     0  llsshr.o(.text)
    _chval                                   0x00001529   Thumb Code    30  _chval.o(.text)
    __vfscanf_char                           0x00001555   Thumb Code    28  scanf_char.o(.text)
    _sgetc                                   0x00001579   Thumb Code    32  _sgetc.o(.text)
    _sbackspace                              0x00001599   Thumb Code    36  _sgetc.o(.text)
    __I$use$fp                               0x000015bc   ARM Code       0  iusefp.o(.text)
    _float_round                             0x000015bd   Thumb Code    16  fepilogue.o(.text)
    _float_epilogue                          0x000015cd   Thumb Code   114  fepilogue.o(.text)
    _double_round                            0x0000163f   Thumb Code    28  depilogue.o(.text)
    _double_epilogue                         0x0000165b   Thumb Code   168  depilogue.o(.text)
    __aeabi_ddiv                             0x00001705   Thumb Code   238  ddiv.o(.text)
    __aeabi_d2ulz                            0x000017f9   Thumb Code    58  dfixul.o(.text)
    __aeabi_cdrcmple                         0x0000183d   Thumb Code    40  cdrcmple.o(.text)
    Inline ARM to Thumb Veneer to __scatterload 0x00001864   ARM Code       8  init.o(.text)
    __scatterload                            0x0000186d   Thumb Code    24  init.o(.text)
    __scatterload_rt2                        0x0000186d   Thumb Code     0  init.o(.text)
    isspace                                  0x0000188d   Thumb Code    20  isspace_c.o(.text)
    __vfscanf                                0x000018a1   Thumb Code   864  _scanf.o(.text)
    __ctype_lookup                           0x00001c0d   Thumb Code    32  ctype_c.o(.text)
    Short Thumb to ARM Veneer to __main_after_scatterload 0x00001c3d   Thumb Code     8  anon$$obj.o(Veneer$$Code)
    Inline ARM to Thumb Veneer to __2printf  0x00001c44   ARM Code       8  printfa.o(i.__0printf)
    __0printf                                0x00001c4d   Thumb Code    24  printfa.o(i.__0printf)
    __1printf                                0x00001c4d   Thumb Code     0  printfa.o(i.__0printf)
    __2printf                                0x00001c4d   Thumb Code     0  printfa.o(i.__0printf)
    __c89printf                              0x00001c4d   Thumb Code     0  printfa.o(i.__0printf)
    printf                                   0x00001c4d   Thumb Code     0  printfa.o(i.__0printf)
    __ARM_clz                                0x00001c6d   Thumb Code    46  depilogue.o(i.__ARM_clz)
    __ARM_common_call_via_r1                 0x00001c9b   Thumb Code     2  _scanf_int.o(i.__ARM_common_call_via_r1)
    __ARM_common_call_via_r2                 0x00001c9d   Thumb Code     2  printf1.o(i.__ARM_common_call_via_r2)
    __ARM_common_call_via_r3                 0x00001c9f   Thumb Code     2  init.o(i.__ARM_common_call_via_r3)
    __ARM_common_call_via_r6                 0x00001ca1   Thumb Code     2  printfb.o(i.__ARM_common_call_via_r6)
    __scatterload_copy                       0x00001ca4   ARM Code      28  handlers.o(i.__scatterload_copy)
    __scatterload_null                       0x00001cc0   ARM Code       4  handlers.o(i.__scatterload_null)
    __scatterload_zeroinit                   0x00001cc4   ARM Code      24  handlers.o(i.__scatterload_zeroinit)
    putc                                     0x000025bd   Thumb Code    12  putc.o(i.putc)
    menu                                     0x000025c8   Data         915  measure.o(.constdata)
    __ctype_categories                       0x0000295b   Data          64  ctype_c.o(.constdata)
    Region$$Table$$Base                      0x0000299c   Number         0  anon$$obj.o(Region$$Table)
    Region$$Table$$Limit                     0x000029bc   Number         0  anon$$obj.o(Region$$Table)
    __stdout                                 0x40000000   Data           4  retarget.o(.data)
    Temp_resistance_slope                    0x40000004   Data           4  serial.o(.data)
    Hydrogen_resistance_slope                0x40000008   Data           4  serial.o(.data)
    DAC_Din_Temp_slope                       0x4000000c   Data           4  serial.o(.data)
    AD7738_resolution                        0x40000010   Data           4  serial.o(.data)
    AD7738_resolution_NP_125                 0x40000014   Data           4  serial.o(.data)
    Current_of_Temperature_resistance        0x40000018   Data           4  serial.o(.data)
    Current_of_Hydrogen_Resistance           0x4000001c   Data           4  serial.o(.data)
    measurement_interval                     0x40000020   Data           4  measure.o(.data)
    mdisplay                                 0x40000024   Data           4  measure.o(.data)
    startflag                                0x40000028   Data           4  measure.o(.data)
    setinterval                              0x4000002c   Data           4  measure.o(.data)
    interval                                 0x40000030   Data           4  measure.o(.data)
    sindex                                   0x40000034   Data           4  measure.o(.data)
    savefirst                                0x40000038   Data           4  measure.o(.data)
    ERROR                                    0x4000003c   Data          16  measure.o(.data)
    current                                  0x4000004c   Data          16  measure.o(.bss)
    save_record                              0x4000005c   Data          96  measure.o(.bss)
    __initial_sp                             0x400004c0   Data         136  startup.o(STACK)



==============================================================================

Memory Map of the image

  Image Entry point : 0x00000108

  Load Region LR_IROM1 (Base: 0x00000000, Size: 0x00002a08, Max: 0x00040000, ABSOLUTE)

    Execution Region ER_IROM1 (Base: 0x00000000, Size: 0x000029bc, Max: 0x00040000, ABSOLUTE)

    Base Addr    Size         Type   Attr      Idx    E Section Name        Object

    0x00000000   0x00000108   Code   RO            3    RESET               startup.o
    0x00000108   0x00000000   Code   RO          163  * .ARM.Collect$$$$00000000  mc_t.l(entry.o)
    0x00000108   0x00000004   Code   RO          461    .ARM.Collect$$$$00000001  mc_t.l(entry2.o)
    0x0000010c   0x00000004   Code   RO          463    .ARM.Collect$$$$00000004  mc_t.l(entry5.o)
    0x00000110   0x00000000   Code   RO          465    .ARM.Collect$$$$00000008  mc_t.l(entry7b.o)
    0x00000110   0x00000000   Code   RO          467    .ARM.Collect$$$$0000000A  mc_t.l(entry8b.o)
    0x00000110   0x0000000c   Code   RO          468    .ARM.Collect$$$$0000000B  mc_t.l(entry9a.o)
    0x0000011c   0x00000000   Code   RO          470    .ARM.Collect$$$$0000000D  mc_t.l(entry10a.o)
    0x0000011c   0x00000000   Code   RO          472    .ARM.Collect$$$$0000000F  mc_t.l(entry11a.o)
    0x0000011c   0x00000004   Code   RO          462    .ARM.Collect$$$$00002712  mc_t.l(entry2.o)
    0x00000120   0x0000000c   Code   RO            8    .text               retarget.o
    0x0000012c   0x00000470   Code   RO           55    .text               serial.o
    0x0000059c   0x000001d0   Code   RO          106    .text               measure.o
    0x0000076c   0x000004a8   Code   RO          107    .text               measure.o
    0x00000c14   0x000001dc   Code   RO          137    .text               mcommand.o
    0x00000df0   0x00000070   Code   RO          151    .text               getline.o
    0x00000e60   0x0000000c   Code   RO          168    .text               mc_t.l(toupper.o)
    0x00000e6c   0x0000000e   Code   RO          170    .text               mc_t.l(strlen.o)
    0x00000e7a   0x00000002   PAD
    0x00000e7c   0x0000003c   Code   RO          437    .text               mc_t.l(__0sscanf.o)
    0x00000eb8   0x0000015c   Code   RO          439    .text               mc_t.l(_scanf_int.o)
    0x00001014   0x0000007e   Code   RO          443    .text               mf_t.l(fmul.o)
    0x00001092   0x00000080   Code   RO          445    .text               mf_t.l(fdiv.o)
    0x00001112   0x00000002   PAD
    0x00001114   0x00000168   Code   RO          447    .text               mf_t.l(dadd.o)
    0x0000127c   0x000000d4   Code   RO          449    .text               mf_t.l(dmul.o)
    0x00001350   0x0000002e   Code   RO          451    .text               mf_t.l(dscalb.o)
    0x0000137e   0x00000012   Code   RO          453    .text               mf_t.l(ffltui.o)
    0x00001390   0x00000020   Code   RO          455    .text               mf_t.l(dfltui.o)
    0x000013b0   0x0000004c   Code   RO          457    .text               mf_t.l(dfixi.o)
    0x000013fc   0x00000028   Code   RO          459    .text               mf_t.l(f2d.o)
    0x00001424   0x0000002e   Code   RO          474    .text               mc_t.l(uidiv.o)
    0x00001452   0x00000068   Code   RO          476    .text               mc_t.l(uldiv.o)
    0x000014ba   0x00000022   Code   RO          478    .text               mc_t.l(llshl.o)
    0x000014dc   0x00000024   Code   RO          480    .text               mc_t.l(llushr.o)
    0x00001500   0x00000028   Code   RO          482    .text               mc_t.l(llsshr.o)
    0x00001528   0x0000001e   Code   RO          484    .text               mc_t.l(_chval.o)
    0x00001546   0x00000002   PAD
    0x00001548   0x00000030   Code   RO          486    .text               mc_t.l(scanf_char.o)
    0x00001578   0x00000044   Code   RO          488    .text               mc_t.l(_sgetc.o)
    0x000015bc   0x00000000   Code   RO          490    .text               mc_t.l(iusefp.o)
    0x000015bc   0x00000082   Code   RO          491    .text               mf_t.l(fepilogue.o)
    0x0000163e   0x000000c4   Code   RO          493    .text               mf_t.l(depilogue.o)
    0x00001702   0x00000002   PAD
    0x00001704   0x000000f4   Code   RO          497    .text               mf_t.l(ddiv.o)
    0x000017f8   0x00000044   Code   RO          499    .text               mf_t.l(dfixul.o)
    0x0000183c   0x00000028   Code   RO          501    .text               mf_t.l(cdrcmple.o)
    0x00001864   0x00000008   Ven    RO          503    .text               mc_t.l(init.o)
    0x0000186c   0x00000020   Code   RO          503    .text               mc_t.l(init.o)
    0x0000188c   0x00000014   Code   RO          507    .text               mc_t.l(isspace_c.o)
    0x000018a0   0x0000036c   Code   RO          509    .text               mc_t.l(_scanf.o)
    0x00001c0c   0x00000024   Code   RO          511    .text               mc_t.l(ctype_c.o)
    0x00001c30   0x0000000c   Ven    RO          524    Veneer$$Code        anon$$obj.o
    0x00001c3c   0x00000008   Ven    RO          525    Veneer$$Code        anon$$obj.o
    0x00001c44   0x00000008   Ven    RO          409    i.__0printf         mc_t.l(printfa.o)
    0x00001c4c   0x00000020   Code   RO          409    i.__0printf         mc_t.l(printfa.o)
    0x00001c6c   0x0000002e   Code   RO          495    i.__ARM_clz         mf_t.l(depilogue.o)
    0x00001c9a   0x00000002   Code   RO          441    i.__ARM_common_call_via_r1  mc_t.l(_scanf_int.o)
    0x00001c9c   0x00000002   Code   RO          240    i.__ARM_common_call_via_r2  mc_t.l(printf1.o)
    0x00001c9e   0x00000002   Code   RO          505    i.__ARM_common_call_via_r3  mc_t.l(init.o)
    0x00001ca0   0x00000002   Code   RO          194    i.__ARM_common_call_via_r6  mc_t.l(printfb.o)
    0x00001ca2   0x00000002   PAD
    0x00001ca4   0x0000001c   Code   RO          516    i.__scatterload_copy  mc_t.l(handlers.o)
    0x00001cc0   0x00000004   Code   RO          517    i.__scatterload_null  mc_t.l(handlers.o)
    0x00001cc4   0x00000018   Code   RO          518    i.__scatterload_zeroinit  mc_t.l(handlers.o)
    0x00001cdc   0x00000178   Code   RO          416    i._fp_digits        mc_t.l(printfa.o)
    0x00001e54   0x00000710   Code   RO          417    i._printf_core      mc_t.l(printfa.o)
    0x00002564   0x00000026   Code   RO          418    i._printf_post_padding  mc_t.l(printfa.o)
    0x0000258a   0x00000032   Code   RO          419    i._printf_pre_padding  mc_t.l(printfa.o)
    0x000025bc   0x0000000c   Code   RO          166    i.putc              mc_t.l(putc.o)
    0x000025c8   0x00000393   Data   RO          109    .constdata          measure.o
    0x0000295b   0x00000040   Data   RO          512    .constdata          mc_t.l(ctype_c.o)
    0x0000299b   0x00000001   PAD
    0x0000299c   0x00000020   Data   RO          514    Region$$Table       anon$$obj.o


    Execution Region RW_IRAM1 (Base: 0x40000000, Size: 0x00000548, Max: 0x00004000, ABSOLUTE)

    Base Addr    Size         Type   Attr      Idx    E Section Name        Object

    0x40000000   0x00000004   Data   RW           12    .data               retarget.o
    0x40000004   0x0000001c   Data   RW           60    .data               serial.o
    0x40000020   0x0000002c   Data   RW          110    .data               measure.o
    0x4000004c   0x00000070   Zero   RW          108    .bss                measure.o
    0x400000bc   0x00000004   PAD
    0x400000c0   0x00000488   Zero   RW            1    STACK               startup.o


==============================================================================

Image component sizes


      Code (inc. data)   RO Data    RW Data    ZI Data      Debug   Object Name

       112          4          0          0          0        710   getline.o
       476        150          0          0          0       1729   mcommand.o
      1656        408        915         44        112       3959   measure.o
        12          0          0          4          0       3590   retarget.o
      1136        116          0         28          0       7299   serial.o
       264         48          0          0       1160        300   startup.o

    ----------------------------------------------------------------------
      3676        730        947         76       1276      17587   Object Totals
        20          4         32          0          0          0   (incl. Generated)
         0          0          0          0          4          0   (incl. Padding)

    ----------------------------------------------------------------------

      Code (inc. data)   RO Data    RW Data    ZI Data      Debug   Library Member Name

        60         10          0          0          0         84   __0sscanf.o
        30          0          0          0          0         60   _chval.o
       876         12          0          0          0        100   _scanf.o
       350          0          0          0          0        156   _scanf_int.o
        68          0          0          0          0         76   _sgetc.o
        36          4         64          0          0         60   ctype_c.o
         0          0          0          0          0          0   entry.o
         0          0          0          0          0          0   entry10a.o
         0          0          0          0          0          0   entry11a.o
         8          4          0          0          0          0   entry2.o
         4          0          0          0          0          0   entry5.o
         0          0          0          0          0          0   entry7b.o
         0          0          0          0          0          0   entry8b.o
        12          4          0          0          0          0   entry9a.o
        56          0          0          0          0          0   handlers.o
        42          8          0          0          0        136   init.o
        20          0          0          0          0         80   isspace_c.o
         0          0          0          0          0          0   iusefp.o
        34          0          0          0          0         72   llshl.o
        40          0          0          0          0         72   llsshr.o
        36          0          0          0          0         72   llushr.o
         2          0          0          0          0         60   printf1.o
      2312        100          0          0          0        464   printfa.o
         2          0          0          0          0         60   printfb.o
        12          0          0          0          0         80   putc.o
        48          8          0          0          0         96   scanf_char.o
        14          0          0          0          0         60   strlen.o
        12          0          0          0          0         60   toupper.o
        46          0          0          0          0         72   uidiv.o
       104          0          0          0          0         96   uldiv.o
        40          0          0          0          0         68   cdrcmple.o
       360          4          0          0          0        152   dadd.o
       244          6          0          0          0         96   ddiv.o
       242          0          0          0          0        232   depilogue.o
        76         10          0          0          0         88   dfixi.o
        68         10          0          0          0         80   dfixul.o
        32          6          0          0          0         76   dfltui.o
       212          6          0          0          0        100   dmul.o
        46          0          0          0          0         80   dscalb.o
        40          0          0          0          0         60   f2d.o
       128          0          0          0          0         88   fdiv.o
       130          0          0          0          0        144   fepilogue.o
        18          0          0          0          0         80   ffltui.o
       126          0          0          0          0         80   fmul.o

    ----------------------------------------------------------------------
      5996        192         65          0          0       3440   Library Totals
        10          0          1          0          0          0   (incl. Padding)

    ----------------------------------------------------------------------

      Code (inc. data)   RO Data    RW Data    ZI Data      Debug   Library Name

      4224        150         64          0          0       2016   mc_t.l
      1762         42          0          0          0       1424   mf_t.l

    ----------------------------------------------------------------------
      5996        192         65          0          0       3440   Library Totals

    ----------------------------------------------------------------------

==============================================================================


      Code (inc. data)   RO Data    RW Data    ZI Data      Debug   

      9672        922       1012         76       1276      19191   Grand Totals
      9672        922       1012         76       1276      19191   ELF Image Totals
      9672        922       1012         76          0          0   ROM Totals

==============================================================================

    Total RO  Size (Code + RO Data)                10684 (  10.43kB)
    Total RW  Size (RW Data + ZI Data)              1352 (   1.32kB)
    Total ROM Size (Code + RO Data + RW Data)      10760 (  10.51kB)

==============================================================================

